
Attaching package: ‘dplyr’

The following objects are masked from ‘package:stats’:

    filter, lag

The following objects are masked from ‘package:base’:

    intersect, setdiff, setequal, union

Warning message:
package ‘readr’ was built under R version 4.5.2 
Warning message:
package ‘ggplot2’ was built under R version 4.5.2 

Attaching package: ‘zoo’

The following objects are masked from ‘package:base’:

    as.Date, as.Date.numeric

Warning message:
In dir.create(paste0("/Users/burcutepekule/Desktop/", save_images_path_data)) :
  '/Users/burcutepekule/Desktop/timeseries_tri_all_param_ids_suppress' already exists
Processing param_id 250 with pat_vals: 1, 5, 7, 10, 12, 15, 20, 25 and i_opt_vec: 0
Re-processing param_set_250, optimization index 0, for overwrite_in=0
[1] "Processing rep 0"
[1] "Processing rep 1"
[1] "Processing rep 2"
[1] "Processing rep 3"
[1] "Processing rep 4"
[1] "Processing rep 5"
[1] "Processing rep 6"
[1] "Processing rep 7"
[1] "Processing rep 8"
[1] "Processing rep 9"
Re-processing param_set_250, optimization index 0, for overwrite_in=1
[1] "Processing rep 0"
[1] "Processing rep 1"
[1] "Processing rep 2"
[1] "Processing rep 3"
[1] "Processing rep 4"
[1] "Processing rep 5"
[1] "Processing rep 6"
[1] "Processing rep 7"
[1] "Processing rep 8"
[1] "Processing rep 9"
Processing param_id 47500 with pat_vals: 1, 5, 7, 10, 15, 20, 25, 30 and i_opt_vec: 0
Re-processing param_set_47500, optimization index 0, for overwrite_in=0
[1] "Processing rep 0"
[1] "Processing rep 1"
[1] "Processing rep 2"
[1] "Processing rep 3"
[1] "Processing rep 4"
[1] "Processing rep 5"
[1] "Processing rep 6"
[1] "Processing rep 7"
[1] "Processing rep 8"
[1] "Processing rep 9"
Re-processing param_set_47500, optimization index 0, for overwrite_in=1
[1] "Processing rep 0"
[1] "Processing rep 1"
[1] "Processing rep 2"
[1] "Processing rep 3"
[1] "Processing rep 4"
[1] "Processing rep 5"
[1] "Processing rep 6"
[1] "Processing rep 7"
[1] "Processing rep 8"
[1] "Processing rep 9"
Processing param_id 66250 with pat_vals: 1, 2, 5, 6, 7, 8, 9, 10 and i_opt_vec: 0
Re-processing param_set_66250, optimization index 0, for overwrite_in=0
[1] "Processing rep 0"
[1] "Processing rep 1"
[1] "Processing rep 2"
[1] "Processing rep 3"
[1] "Processing rep 4"
[1] "Processing rep 5"
[1] "Processing rep 6"
[1] "Processing rep 7"
[1] "Processing rep 8"
[1] "Processing rep 9"
Re-processing param_set_66250, optimization index 0, for overwrite_in=1
[1] "Processing rep 0"
[1] "Processing rep 1"
[1] "Processing rep 2"
[1] "Processing rep 3"
[1] "Processing rep 4"
[1] "Processing rep 5"
[1] "Processing rep 6"
[1] "Processing rep 7"
[1] "Processing rep 8"
[1] "Processing rep 9"
Processing param_id 67250 with pat_vals: 1, 2, 2.5, 3, 3.5, 4, 4.5, 5 and i_opt_vec: 0
Re-processing param_set_67250, optimization index 0, for overwrite_in=0
[1] "Processing rep 0"
[1] "Processing rep 1"
[1] "Processing rep 2"
[1] "Processing rep 3"
[1] "Processing rep 4"
[1] "Processing rep 5"
[1] "Processing rep 6"
[1] "Processing rep 7"
[1] "Processing rep 8"
[1] "Processing rep 9"
Re-processing param_set_67250, optimization index 0, for overwrite_in=1
[1] "Processing rep 0"
[1] "Processing rep 1"
[1] "Processing rep 2"
[1] "Processing rep 3"
[1] "Processing rep 4"
[1] "Processing rep 5"
[1] "Processing rep 6"
[1] "Processing rep 7"
[1] "Processing rep 8"
[1] "Processing rep 9"
Processing param_id 73750 with pat_vals: 1, 2, 5, 7, 10, 12, 15, 20 and i_opt_vec: 0
Re-processing param_set_73750, optimization index 0, for overwrite_in=0
[1] "Processing rep 0"
[1] "Processing rep 1"
[1] "Processing rep 2"
[1] "Processing rep 3"
[1] "Processing rep 4"
[1] "Processing rep 5"
[1] "Processing rep 6"
[1] "Processing rep 7"
[1] "Processing rep 8"
[1] "Processing rep 9"
Re-processing param_set_73750, optimization index 0, for overwrite_in=1
[1] "Processing rep 0"
[1] "Processing rep 1"
[1] "Processing rep 2"
[1] "Processing rep 3"
[1] "Processing rep 4"
[1] "Processing rep 5"
[1] "Processing rep 6"
[1] "Processing rep 7"
[1] "Processing rep 8"
[1] "Processing rep 9"
Processing param_id 78750 with pat_vals: 1, 5, 7, 10, 12, 15, 20, 25 and i_opt_vec: 0
Re-processing param_set_78750, optimization index 0, for overwrite_in=0
[1] "Processing rep 0"
[1] "Processing rep 1"
[1] "Processing rep 2"
[1] "Processing rep 3"
[1] "Processing rep 4"
[1] "Processing rep 5"
[1] "Processing rep 6"
[1] "Processing rep 7"
[1] "Processing rep 8"
[1] "Processing rep 9"
Re-processing param_set_78750, optimization index 0, for overwrite_in=1
[1] "Processing rep 0"
[1] "Processing rep 1"
[1] "Processing rep 2"
[1] "Processing rep 3"
[1] "Processing rep 4"
[1] "Processing rep 5"
[1] "Processing rep 6"
[1] "Processing rep 7"
[1] "Processing rep 8"
[1] "Processing rep 9"
Processing param_id 80750 with pat_vals: 1, 2, 5, 7, 10, 12, 15, 20 and i_opt_vec: 0
Re-processing param_set_80750, optimization index 0, for overwrite_in=0
[1] "Processing rep 0"
[1] "Processing rep 1"
[1] "Processing rep 2"
[1] "Processing rep 3"
[1] "Processing rep 4"
[1] "Processing rep 5"
[1] "Processing rep 6"
[1] "Processing rep 7"
[1] "Processing rep 8"
[1] "Processing rep 9"
Re-processing param_set_80750, optimization index 0, for overwrite_in=1
[1] "Processing rep 0"
[1] "Processing rep 1"
[1] "Processing rep 2"
[1] "Processing rep 3"
[1] "Processing rep 4"
[1] "Processing rep 5"
[1] "Processing rep 6"
[1] "Processing rep 7"
[1] "Processing rep 8"
[1] "Processing rep 9"
Processing param_id 90250 with pat_vals: 1, 2, 5, 7, 10, 12, 15, 20 and i_opt_vec: 0
Re-processing param_set_90250, optimization index 0, for overwrite_in=0
[1] "Processing rep 0"
[1] "Processing rep 1"
[1] "Processing rep 2"
[1] "Processing rep 3"
[1] "Processing rep 4"
[1] "Processing rep 5"
[1] "Processing rep 6"
[1] "Processing rep 7"
[1] "Processing rep 8"
[1] "Processing rep 9"
Re-processing param_set_90250, optimization index 0, for overwrite_in=1
[1] "Processing rep 0"
[1] "Processing rep 1"
[1] "Processing rep 2"
[1] "Processing rep 3"
[1] "Processing rep 4"
[1] "Processing rep 5"
[1] "Processing rep 6"
[1] "Processing rep 7"
[1] "Processing rep 8"
[1] "Processing rep 9"
Processing param_id 97250 with pat_vals: 1, 5, 7, 10, 12, 15, 20, 25 and i_opt_vec: 0
Re-processing param_set_97250, optimization index 0, for overwrite_in=0
[1] "Processing rep 0"
[1] "Processing rep 1"
[1] "Processing rep 2"
[1] "Processing rep 3"
[1] "Processing rep 4"
[1] "Processing rep 5"
[1] "Processing rep 6"
[1] "Processing rep 7"
[1] "Processing rep 8"
[1] "Processing rep 9"
Re-processing param_set_97250, optimization index 0, for overwrite_in=1
[1] "Processing rep 0"
[1] "Processing rep 1"
[1] "Processing rep 2"
[1] "Processing rep 3"
[1] "Processing rep 4"
[1] "Processing rep 5"
[1] "Processing rep 6"
[1] "Processing rep 7"
[1] "Processing rep 8"
[1] "Processing rep 9"
Processing param_id 30000 with pat_vals: 1, 2, 2.5, 3, 3.5, 4, 4.5, 5 and i_opt_vec: 0, 1, 2, 3
Re-processing param_set_30000, optimization index 0, for overwrite_in=0
[1] "Processing rep 0"
[1] "Processing rep 1"
[1] "Processing rep 2"
[1] "Processing rep 3"
[1] "Processing rep 4"
[1] "Processing rep 5"
[1] "Processing rep 6"
[1] "Processing rep 7"
[1] "Processing rep 8"
[1] "Processing rep 9"
Re-processing param_set_30000, optimization index 0, for overwrite_in=1
[1] "Processing rep 0"
[1] "Processing rep 1"
[1] "Processing rep 2"
[1] "Processing rep 3"
[1] "Processing rep 4"
[1] "Processing rep 5"
[1] "Processing rep 6"
[1] "Processing rep 7"
[1] "Processing rep 8"
[1] "Processing rep 9"
Re-processing param_set_30000, optimization index 1, for overwrite_in=0
[1] "Processing rep 0"
[1] "Processing rep 1"
[1] "Processing rep 2"
[1] "Processing rep 3"
[1] "Processing rep 4"
[1] "Processing rep 5"
[1] "Processing rep 6"
[1] "Processing rep 7"
[1] "Processing rep 8"
[1] "Processing rep 9"
Re-processing param_set_30000, optimization index 1, for overwrite_in=1
No results found. Skipping.
Re-processing param_set_30000, optimization index 2, for overwrite_in=0
[1] "Processing rep 0"
[1] "Processing rep 1"
[1] "Processing rep 2"
[1] "Processing rep 3"
[1] "Processing rep 4"
[1] "Processing rep 5"
[1] "Processing rep 6"
[1] "Processing rep 7"
[1] "Processing rep 8"
[1] "Processing rep 9"
Re-processing param_set_30000, optimization index 2, for overwrite_in=1
No results found. Skipping.
Re-processing param_set_30000, optimization index 3, for overwrite_in=0
[1] "Processing rep 0"
[1] "Processing rep 1"
[1] "Processing rep 2"
[1] "Processing rep 3"
[1] "Processing rep 4"
[1] "Processing rep 5"
[1] "Processing rep 6"
[1] "Processing rep 7"
[1] "Processing rep 8"
[1] "Processing rep 9"
Re-processing param_set_30000, optimization index 3, for overwrite_in=1
No results found. Skipping.
Processing param_id 45500 with pat_vals: 1, 2, 5, 6, 7, 8, 9, 10 and i_opt_vec: 0, 1, 2
Re-processing param_set_45500, optimization index 0, for overwrite_in=0
[1] "Processing rep 0"
[1] "Processing rep 1"
[1] "Processing rep 2"
[1] "Processing rep 3"
[1] "Processing rep 4"
[1] "Processing rep 5"
[1] "Processing rep 6"
[1] "Processing rep 7"
[1] "Processing rep 8"
[1] "Processing rep 9"
Re-processing param_set_45500, optimization index 0, for overwrite_in=1
[1] "Processing rep 0"
[1] "Processing rep 1"
[1] "Processing rep 2"
[1] "Processing rep 3"
[1] "Processing rep 4"
[1] "Processing rep 5"
[1] "Processing rep 6"
[1] "Processing rep 7"
[1] "Processing rep 8"
[1] "Processing rep 9"
Re-processing param_set_45500, optimization index 1, for overwrite_in=0
[1] "Processing rep 0"
[1] "Processing rep 1"
[1] "Processing rep 2"
[1] "Processing rep 3"
[1] "Processing rep 4"
[1] "Processing rep 5"
[1] "Processing rep 6"
[1] "Processing rep 7"
[1] "Processing rep 8"
[1] "Processing rep 9"
Re-processing param_set_45500, optimization index 1, for overwrite_in=1
No results found. Skipping.
Re-processing param_set_45500, optimization index 2, for overwrite_in=0
[1] "Processing rep 0"
[1] "Processing rep 1"
[1] "Processing rep 2"
[1] "Processing rep 3"
[1] "Processing rep 4"
[1] "Processing rep 5"
[1] "Processing rep 6"
[1] "Processing rep 7"
[1] "Processing rep 8"
[1] "Processing rep 9"
Re-processing param_set_45500, optimization index 2, for overwrite_in=1
No results found. Skipping.
Processing param_id 92000 with pat_vals: 1, 5, 7, 8, 9, 10, 11, 12 and i_opt_vec: 0, 1, 2
Re-processing param_set_92000, optimization index 0, for overwrite_in=0
[1] "Processing rep 0"
[1] "Processing rep 1"
[1] "Processing rep 2"
[1] "Processing rep 3"
[1] "Processing rep 4"
[1] "Processing rep 5"
[1] "Processing rep 6"
[1] "Processing rep 7"
[1] "Processing rep 8"
[1] "Processing rep 9"
Re-processing param_set_92000, optimization index 0, for overwrite_in=1
[1] "Processing rep 0"
[1] "Processing rep 1"
[1] "Processing rep 2"
[1] "Processing rep 3"
[1] "Processing rep 4"
[1] "Processing rep 5"
[1] "Processing rep 6"
[1] "Processing rep 7"
[1] "Processing rep 8"
[1] "Processing rep 9"
Re-processing param_set_92000, optimization index 1, for overwrite_in=0
[1] "Processing rep 0"
[1] "Processing rep 1"
[1] "Processing rep 2"
[1] "Processing rep 3"
[1] "Processing rep 4"
[1] "Processing rep 5"
[1] "Processing rep 6"
[1] "Processing rep 7"
[1] "Processing rep 8"
[1] "Processing rep 9"
Re-processing param_set_92000, optimization index 1, for overwrite_in=1
No results found. Skipping.
Re-processing param_set_92000, optimization index 2, for overwrite_in=0
[1] "Processing rep 0"
[1] "Processing rep 1"
[1] "Processing rep 2"
[1] "Processing rep 3"
[1] "Processing rep 4"
[1] "Processing rep 5"
[1] "Processing rep 6"
[1] "Processing rep 7"
[1] "Processing rep 8"
[1] "Processing rep 9"
Re-processing param_set_92000, optimization index 2, for overwrite_in=1
No results found. Skipping.
Processing param_id 81250 with pat_vals: 1, 2, 2.5, 3, 3.5, 4, 4.5, 5 and i_opt_vec: 0, 1
Re-processing param_set_81250, optimization index 0, for overwrite_in=0
[1] "Processing rep 0"
[1] "Processing rep 1"
[1] "Processing rep 2"
[1] "Processing rep 3"
[1] "Processing rep 4"
[1] "Processing rep 5"
[1] "Processing rep 6"
[1] "Processing rep 7"
[1] "Processing rep 8"
[1] "Processing rep 9"
Re-processing param_set_81250, optimization index 0, for overwrite_in=1
[1] "Processing rep 0"
[1] "Processing rep 1"
[1] "Processing rep 2"
[1] "Processing rep 3"
[1] "Processing rep 4"
[1] "Processing rep 5"
[1] "Processing rep 6"
[1] "Processing rep 7"
[1] "Processing rep 8"
[1] "Processing rep 9"
Re-processing param_set_81250, optimization index 1, for overwrite_in=0
[1] "Processing rep 0"
[1] "Processing rep 1"
[1] "Processing rep 2"
[1] "Processing rep 3"
[1] "Processing rep 4"
[1] "Processing rep 5"
[1] "Processing rep 6"
[1] "Processing rep 7"
[1] "Processing rep 8"
[1] "Processing rep 9"
Re-processing param_set_81250, optimization index 1, for overwrite_in=1
No results found. Skipping.
Processing param_id 88750 with pat_vals: 1, 2, 5, 6, 7, 8, 9, 10 and i_opt_vec: 0, 1, 2, 3, 4, 5, 6, 7, 8
Re-processing param_set_88750, optimization index 0, for overwrite_in=0
[1] "Processing rep 0"
[1] "Processing rep 1"
[1] "Processing rep 2"
[1] "Processing rep 3"
[1] "Processing rep 4"
[1] "Processing rep 5"
[1] "Processing rep 6"
[1] "Processing rep 7"
[1] "Processing rep 8"
[1] "Processing rep 9"
Re-processing param_set_88750, optimization index 0, for overwrite_in=1
[1] "Processing rep 0"
[1] "Processing rep 1"
[1] "Processing rep 2"
[1] "Processing rep 3"
[1] "Processing rep 4"
[1] "Processing rep 5"
[1] "Processing rep 6"
[1] "Processing rep 7"
[1] "Processing rep 8"
[1] "Processing rep 9"
Re-processing param_set_88750, optimization index 1, for overwrite_in=0
[1] "Processing rep 0"
[1] "Processing rep 1"
[1] "Processing rep 2"
[1] "Processing rep 3"
[1] "Processing rep 4"
[1] "Processing rep 5"
[1] "Processing rep 6"
[1] "Processing rep 7"
[1] "Processing rep 8"
[1] "Processing rep 9"
Re-processing param_set_88750, optimization index 1, for overwrite_in=1
[1] "Processing rep 0"
[1] "Processing rep 1"
[1] "Processing rep 2"
[1] "Processing rep 3"
[1] "Processing rep 4"
[1] "Processing rep 5"
[1] "Processing rep 6"
[1] "Processing rep 7"
[1] "Processing rep 8"
[1] "Processing rep 9"
Re-processing param_set_88750, optimization index 2, for overwrite_in=0
[1] "Processing rep 0"
[1] "Processing rep 1"
[1] "Processing rep 2"
[1] "Processing rep 3"
[1] "Processing rep 4"
[1] "Processing rep 5"
[1] "Processing rep 6"
[1] "Processing rep 7"
[1] "Processing rep 8"
[1] "Processing rep 9"
Re-processing param_set_88750, optimization index 2, for overwrite_in=1
[1] "Processing rep 0"
[1] "Processing rep 1"
[1] "Processing rep 2"
[1] "Processing rep 3"
[1] "Processing rep 4"
[1] "Processing rep 5"
[1] "Processing rep 6"
[1] "Processing rep 7"
[1] "Processing rep 8"
[1] "Processing rep 9"
Re-processing param_set_88750, optimization index 3, for overwrite_in=0
[1] "Processing rep 0"
[1] "Processing rep 1"
[1] "Processing rep 2"
[1] "Processing rep 3"
[1] "Processing rep 4"
[1] "Processing rep 5"
[1] "Processing rep 6"
[1] "Processing rep 7"
[1] "Processing rep 8"
[1] "Processing rep 9"
Re-processing param_set_88750, optimization index 3, for overwrite_in=1
[1] "Processing rep 0"
[1] "Processing rep 1"
[1] "Processing rep 2"
[1] "Processing rep 3"
[1] "Processing rep 4"
[1] "Processing rep 5"
[1] "Processing rep 6"
[1] "Processing rep 7"
[1] "Processing rep 8"
[1] "Processing rep 9"
Re-processing param_set_88750, optimization index 4, for overwrite_in=0
[1] "Processing rep 0"
[1] "Processing rep 1"
[1] "Processing rep 2"
[1] "Processing rep 3"
[1] "Processing rep 4"
[1] "Processing rep 5"
[1] "Processing rep 6"
[1] "Processing rep 7"
[1] "Processing rep 8"
[1] "Processing rep 9"
Re-processing param_set_88750, optimization index 4, for overwrite_in=1
[1] "Processing rep 0"
[1] "Processing rep 1"
[1] "Processing rep 2"
[1] "Processing rep 3"
[1] "Processing rep 4"
[1] "Processing rep 5"
[1] "Processing rep 6"
[1] "Processing rep 7"
[1] "Processing rep 8"
[1] "Processing rep 9"
Re-processing param_set_88750, optimization index 5, for overwrite_in=0
[1] "Processing rep 0"
[1] "Processing rep 1"
[1] "Processing rep 2"
[1] "Processing rep 3"
[1] "Processing rep 4"
[1] "Processing rep 5"
[1] "Processing rep 6"
[1] "Processing rep 7"
[1] "Processing rep 8"
[1] "Processing rep 9"
Re-processing param_set_88750, optimization index 5, for overwrite_in=1
[1] "Processing rep 0"
[1] "Processing rep 1"
[1] "Processing rep 2"
[1] "Processing rep 3"
[1] "Processing rep 4"
[1] "Processing rep 5"
[1] "Processing rep 6"
[1] "Processing rep 7"
[1] "Processing rep 8"
[1] "Processing rep 9"
Re-processing param_set_88750, optimization index 6, for overwrite_in=0
[1] "Processing rep 0"
[1] "Processing rep 1"
[1] "Processing rep 2"
[1] "Processing rep 3"
[1] "Processing rep 4"
[1] "Processing rep 5"
[1] "Processing rep 6"
[1] "Processing rep 7"
[1] "Processing rep 8"
[1] "Processing rep 9"
Re-processing param_set_88750, optimization index 6, for overwrite_in=1
[1] "Processing rep 0"
[1] "Processing rep 1"
[1] "Processing rep 2"
[1] "Processing rep 3"
[1] "Processing rep 4"
[1] "Processing rep 5"
[1] "Processing rep 6"
[1] "Processing rep 7"
[1] "Processing rep 8"
[1] "Processing rep 9"
Re-processing param_set_88750, optimization index 7, for overwrite_in=0
[1] "Processing rep 0"
[1] "Processing rep 1"
[1] "Processing rep 2"
[1] "Processing rep 3"
[1] "Processing rep 4"
[1] "Processing rep 5"
[1] "Processing rep 6"
[1] "Processing rep 7"
[1] "Processing rep 8"
[1] "Processing rep 9"
Re-processing param_set_88750, optimization index 7, for overwrite_in=1
[1] "Processing rep 0"
[1] "Processing rep 1"
[1] "Processing rep 2"
[1] "Processing rep 3"
[1] "Processing rep 4"
[1] "Processing rep 5"
[1] "Processing rep 6"
[1] "Processing rep 7"
[1] "Processing rep 8"
[1] "Processing rep 9"
Re-processing param_set_88750, optimization index 8, for overwrite_in=0
[1] "Processing rep 0"
[1] "Processing rep 1"
[1] "Processing rep 2"
[1] "Processing rep 3"
[1] "Processing rep 4"
[1] "Processing rep 5"
[1] "Processing rep 6"
[1] "Processing rep 7"
[1] "Processing rep 8"
[1] "Processing rep 9"
Re-processing param_set_88750, optimization index 8, for overwrite_in=1
[1] "Processing rep 0"
[1] "Processing rep 1"
[1] "Processing rep 2"
[1] "Processing rep 3"
[1] "Processing rep 4"
[1] "Processing rep 5"
[1] "Processing rep 6"
[1] "Processing rep 7"
[1] "Processing rep 8"
[1] "Processing rep 9"
Processing param_id 50250 with pat_vals: 1, 2, 5, 6, 7, 8, 9, 10 and i_opt_vec: 0, 1, 2, 3, 4
Re-processing param_set_50250, optimization index 0, for overwrite_in=0
[1] "Processing rep 0"
[1] "Processing rep 1"
[1] "Processing rep 2"
[1] "Processing rep 3"
[1] "Processing rep 4"
[1] "Processing rep 5"
[1] "Processing rep 6"
[1] "Processing rep 7"
[1] "Processing rep 8"
[1] "Processing rep 9"
Re-processing param_set_50250, optimization index 0, for overwrite_in=1
[1] "Processing rep 0"
[1] "Processing rep 1"
[1] "Processing rep 2"
[1] "Processing rep 3"
[1] "Processing rep 4"
[1] "Processing rep 5"
[1] "Processing rep 6"
[1] "Processing rep 7"
[1] "Processing rep 8"
[1] "Processing rep 9"
Re-processing param_set_50250, optimization index 1, for overwrite_in=0
[1] "Processing rep 0"
[1] "Processing rep 1"
[1] "Processing rep 2"
[1] "Processing rep 3"
[1] "Processing rep 4"
[1] "Processing rep 5"
[1] "Processing rep 6"
[1] "Processing rep 7"
[1] "Processing rep 8"
[1] "Processing rep 9"
Re-processing param_set_50250, optimization index 1, for overwrite_in=1
[1] "Processing rep 0"
[1] "Processing rep 1"
[1] "Processing rep 2"
[1] "Processing rep 3"
[1] "Processing rep 4"
[1] "Processing rep 5"
[1] "Processing rep 6"
[1] "Processing rep 7"
[1] "Processing rep 8"
[1] "Processing rep 9"
Re-processing param_set_50250, optimization index 2, for overwrite_in=0
[1] "Processing rep 0"
[1] "Processing rep 1"
[1] "Processing rep 2"
[1] "Processing rep 3"
[1] "Processing rep 4"
[1] "Processing rep 5"
[1] "Processing rep 6"
[1] "Processing rep 7"
[1] "Processing rep 8"
[1] "Processing rep 9"
Re-processing param_set_50250, optimization index 2, for overwrite_in=1
[1] "Processing rep 0"
[1] "Processing rep 1"
[1] "Processing rep 2"
[1] "Processing rep 3"
[1] "Processing rep 4"
[1] "Processing rep 5"
[1] "Processing rep 6"
[1] "Processing rep 7"
[1] "Processing rep 8"
[1] "Processing rep 9"
Re-processing param_set_50250, optimization index 3, for overwrite_in=0
[1] "Processing rep 0"
[1] "Processing rep 1"
[1] "Processing rep 2"
[1] "Processing rep 3"
[1] "Processing rep 4"
[1] "Processing rep 5"
[1] "Processing rep 6"
[1] "Processing rep 7"
[1] "Processing rep 8"
[1] "Processing rep 9"
Re-processing param_set_50250, optimization index 3, for overwrite_in=1
[1] "Processing rep 0"
[1] "Processing rep 1"
[1] "Processing rep 2"
[1] "Processing rep 3"
[1] "Processing rep 4"
[1] "Processing rep 5"
[1] "Processing rep 6"
[1] "Processing rep 7"
[1] "Processing rep 8"
[1] "Processing rep 9"
Re-processing param_set_50250, optimization index 4, for overwrite_in=0
[1] "Processing rep 0"
[1] "Processing rep 1"
[1] "Processing rep 2"
[1] "Processing rep 3"
[1] "Processing rep 4"
[1] "Processing rep 5"
[1] "Processing rep 6"
[1] "Processing rep 7"
[1] "Processing rep 8"
[1] "Processing rep 9"
Re-processing param_set_50250, optimization index 4, for overwrite_in=1
[1] "Processing rep 0"
[1] "Processing rep 1"
[1] "Processing rep 2"
[1] "Processing rep 3"
[1] "Processing rep 4"
[1] "Processing rep 5"
[1] "Processing rep 6"
[1] "Processing rep 7"
[1] "Processing rep 8"
[1] "Processing rep 9"
Processing param_id 62500 with pat_vals: 1, 2, 5, 6, 7, 8, 9, 10 and i_opt_vec: 0, 1, 2, 3
Re-processing param_set_62500, optimization index 0, for overwrite_in=0
[1] "Processing rep 0"
[1] "Processing rep 1"
[1] "Processing rep 2"
[1] "Processing rep 3"
[1] "Processing rep 4"
[1] "Processing rep 5"
[1] "Processing rep 6"
[1] "Processing rep 7"
[1] "Processing rep 8"
[1] "Processing rep 9"
Re-processing param_set_62500, optimization index 0, for overwrite_in=1
[1] "Processing rep 0"
[1] "Processing rep 1"
[1] "Processing rep 2"
[1] "Processing rep 3"
[1] "Processing rep 4"
[1] "Processing rep 5"
[1] "Processing rep 6"
[1] "Processing rep 7"
[1] "Processing rep 8"
[1] "Processing rep 9"
Re-processing param_set_62500, optimization index 1, for overwrite_in=0
[1] "Processing rep 0"
[1] "Processing rep 1"
[1] "Processing rep 2"
[1] "Processing rep 3"
[1] "Processing rep 4"
[1] "Processing rep 5"
[1] "Processing rep 6"
[1] "Processing rep 7"
[1] "Processing rep 8"
[1] "Processing rep 9"
Re-processing param_set_62500, optimization index 1, for overwrite_in=1
[1] "Processing rep 0"
[1] "Processing rep 1"
[1] "Processing rep 2"
[1] "Processing rep 3"
[1] "Processing rep 4"
[1] "Processing rep 5"
[1] "Processing rep 6"
[1] "Processing rep 7"
[1] "Processing rep 8"
[1] "Processing rep 9"
Re-processing param_set_62500, optimization index 2, for overwrite_in=0
No results found. Skipping.
Re-processing param_set_62500, optimization index 2, for overwrite_in=1
[1] "Processing rep 0"
[1] "Processing rep 1"
[1] "Processing rep 2"
[1] "Processing rep 3"
[1] "Processing rep 4"
[1] "Processing rep 5"
[1] "Processing rep 6"
[1] "Processing rep 7"
[1] "Processing rep 8"
[1] "Processing rep 9"
Re-processing param_set_62500, optimization index 3, for overwrite_in=0
No results found. Skipping.
Re-processing param_set_62500, optimization index 3, for overwrite_in=1
[1] "Processing rep 0"
[1] "Processing rep 1"
[1] "Processing rep 2"
[1] "Processing rep 3"
[1] "Processing rep 4"
[1] "Processing rep 5"
[1] "Processing rep 6"
[1] "Processing rep 7"
[1] "Processing rep 8"
[1] "Processing rep 9"
Processing param_id 68752 with pat_vals: 1, 5, 7, 10, 15, 20, 25, 30 and i_opt_vec: 0, 1, 2
Re-processing param_set_68752, optimization index 0, for overwrite_in=0
[1] "Processing rep 0"
[1] "Processing rep 1"
[1] "Processing rep 2"
[1] "Processing rep 3"
[1] "Processing rep 4"
[1] "Processing rep 5"
[1] "Processing rep 6"
[1] "Processing rep 7"
[1] "Processing rep 8"
[1] "Processing rep 9"
Re-processing param_set_68752, optimization index 0, for overwrite_in=1
[1] "Processing rep 0"
[1] "Processing rep 1"
[1] "Processing rep 2"
[1] "Processing rep 3"
[1] "Processing rep 4"
[1] "Processing rep 5"
[1] "Processing rep 6"
[1] "Processing rep 7"
[1] "Processing rep 8"
[1] "Processing rep 9"
Re-processing param_set_68752, optimization index 1, for overwrite_in=0
[1] "Processing rep 0"
[1] "Processing rep 1"
[1] "Processing rep 2"
[1] "Processing rep 3"
[1] "Processing rep 4"
[1] "Processing rep 5"
[1] "Processing rep 6"
[1] "Processing rep 7"
[1] "Processing rep 8"
[1] "Processing rep 9"
Re-processing param_set_68752, optimization index 1, for overwrite_in=1
[1] "Processing rep 0"
[1] "Processing rep 1"
[1] "Processing rep 2"
[1] "Processing rep 3"
[1] "Processing rep 4"
[1] "Processing rep 5"
[1] "Processing rep 6"
[1] "Processing rep 7"
[1] "Processing rep 8"
[1] "Processing rep 9"
Re-processing param_set_68752, optimization index 2, for overwrite_in=0
[1] "Processing rep 0"
[1] "Processing rep 1"
[1] "Processing rep 2"
[1] "Processing rep 3"
[1] "Processing rep 4"
[1] "Processing rep 5"
[1] "Processing rep 6"
[1] "Processing rep 7"
[1] "Processing rep 8"
[1] "Processing rep 9"
Re-processing param_set_68752, optimization index 2, for overwrite_in=1
[1] "Processing rep 0"
[1] "Processing rep 1"
[1] "Processing rep 2"
[1] "Processing rep 3"
[1] "Processing rep 4"
[1] "Processing rep 5"
[1] "Processing rep 6"
[1] "Processing rep 7"
[1] "Processing rep 8"
[1] "Processing rep 9"
There were 50 or more warnings (use warnings() to see the first 50)
